2022-03-01 02:09:38.600840: W tensorflow/stream_executor/platform/default/dso_loader.cc:64] Could not load dynamic library 'libcudart.so.11.0'; dlerror: libcudart.so.11.0: cannot open shared object file: No such file or directory; LD_LIBRARY_PATH: /usr/local/cuda-10.2/lib64:
2022-03-01 02:09:38.600931: I tensorflow/stream_executor/cuda/cudart_stub.cc:29] Ignore above cudart dlerror if you do not have a GPU set up on your machine.
2022-03-01 02:09:40,289 - INFO - Log directory: data/model/GTS_DR_3_h_12_64_lr_0.005_bs_64_0301020940/
2022-03-01 02:09:50,856 - INFO - Model created
2022-03-01 02:09:50,857 - INFO - Start training ...
2022-03-01 02:09:50,857 - INFO - num_batches:276
Num of epoch: 0
2022-03-01 02:09:50,940 - INFO - Total trainable parameters 28317523
2022-03-01 02:10:16,453 - INFO - epoch complete
2022-03-01 02:10:16,455 - INFO - evaluating now!
2022-03-01 02:10:18,054 - INFO - Epoch [0/30] (276) train_mae: 6.6131, val_mae: 17.0916
Num of epoch: 1
2022-03-01 02:10:43,532 - INFO - epoch complete
2022-03-01 02:10:43,534 - INFO - evaluating now!
2022-03-01 02:10:45,088 - INFO - Epoch [1/30] (552) train_mae: 2.6947, val_mae: 2.9884
Num of epoch: 2
2022-03-01 02:11:10,108 - INFO - epoch complete
2022-03-01 02:11:10,109 - INFO - evaluating now!
2022-03-01 02:11:11,684 - INFO - Epoch [2/30] (828) train_mae: 2.0324, val_mae: 10.7729
Num of epoch: 3
2022-03-01 02:11:36,333 - INFO - epoch complete
2022-03-01 02:11:36,334 - INFO - evaluating now!
2022-03-01 02:11:37,847 - INFO - Epoch [3/30] (1104) train_mae: 2.1230, val_mae: 4.4750
Num of epoch: 4
2022-03-01 02:12:02,670 - INFO - epoch complete
2022-03-01 02:12:02,671 - INFO - evaluating now!
2022-03-01 02:12:04,220 - INFO - Epoch [4/30] (1380) train_mae: 1.7713, val_mae: 5.8681
2022-03-01 02:12:07,439 - INFO - Test: mae: 6.0553, mape: 530.7289, rmse: 12.0972
2022-03-01 02:12:07,440 - INFO - Horizon 15mins: mae: 3.8496, mape: 449.4303, rmse: 8.9361
2022-03-01 02:12:07,440 - INFO - Horizon 30mins: mae: 5.3371, mape: 548.3581, rmse: 11.9165
2022-03-01 02:12:07,440 - INFO - Horizon 60mins: mae: 7.3495, mape: 693.7839, rmse: 15.9062
2022-03-01 02:12:07,441 - INFO - Epoch [4/30] (1380) train_mae: 1.7713, test_mae: 6.0553, lr: 0.005000, 24.8s, 26.4s
Num of epoch: 5
2022-03-01 02:12:32,741 - INFO - epoch complete
2022-03-01 02:12:32,741 - INFO - evaluating now!
2022-03-01 02:12:34,387 - INFO - Epoch [5/30] (1656) train_mae: 1.6468, val_mae: 4.6623
Num of epoch: 6
2022-03-01 02:12:59,634 - INFO - epoch complete
2022-03-01 02:12:59,635 - INFO - evaluating now!
2022-03-01 02:13:01,123 - INFO - Epoch [6/30] (1932) train_mae: 1.7665, val_mae: 5.0170
Num of epoch: 7
2022-03-01 02:13:26,270 - INFO - epoch complete
2022-03-01 02:13:26,272 - INFO - evaluating now!
2022-03-01 02:13:27,869 - INFO - Epoch [7/30] (2208) train_mae: 1.6273, val_mae: 7.6489
Num of epoch: 8
2022-03-01 02:13:52,806 - INFO - epoch complete
2022-03-01 02:13:52,807 - INFO - evaluating now!
2022-03-01 02:13:54,352 - INFO - Epoch [8/30] (2484) train_mae: 1.8934, val_mae: 3.2189
Num of epoch: 9
2022-03-01 02:14:19,498 - INFO - epoch complete
2022-03-01 02:14:19,499 - INFO - evaluating now!
2022-03-01 02:14:21,049 - INFO - Epoch [9/30] (2760) train_mae: 1.5890, val_mae: 3.0519
2022-03-01 02:14:24,106 - INFO - Test: mae: 3.2263, mape: 648.3907, rmse: 4.1262
2022-03-01 02:14:24,107 - INFO - Horizon 15mins: mae: 2.3747, mape: 594.8607, rmse: 4.2586
2022-03-01 02:14:24,107 - INFO - Horizon 30mins: mae: 2.1922, mape: 613.1271, rmse: 3.8111
2022-03-01 02:14:24,107 - INFO - Horizon 60mins: mae: 2.5967, mape: 739.3973, rmse: 4.2735
2022-03-01 02:14:24,108 - INFO - Epoch [9/30] (2760) train_mae: 1.5890, test_mae: 3.2263, lr: 0.005000, 25.1s, 26.7s
Num of epoch: 10
2022-03-01 02:14:49,074 - INFO - epoch complete
2022-03-01 02:14:49,075 - INFO - evaluating now!
2022-03-01 02:14:50,604 - INFO - Epoch [10/30] (3036) train_mae: 1.7848, val_mae: 3.6598
Num of epoch: 11
2022-03-01 02:15:14,988 - INFO - epoch complete
2022-03-01 02:15:14,989 - INFO - evaluating now!
2022-03-01 02:15:16,510 - INFO - Epoch [11/30] (3312) train_mae: 1.3909, val_mae: 6.8490
Num of epoch: 12
2022-03-01 02:15:41,588 - INFO - epoch complete
2022-03-01 02:15:41,589 - INFO - evaluating now!
2022-03-01 02:15:43,103 - INFO - Epoch [12/30] (3588) train_mae: 1.4693, val_mae: 3.0717
Num of epoch: 13
2022-03-01 02:16:08,655 - INFO - epoch complete
2022-03-01 02:16:08,656 - INFO - evaluating now!
2022-03-01 02:16:10,181 - INFO - Epoch [13/30] (3864) train_mae: 1.4777, val_mae: 2.6495
Num of epoch: 14
2022-03-01 02:16:34,918 - INFO - epoch complete
2022-03-01 02:16:34,919 - INFO - evaluating now!
2022-03-01 02:16:36,421 - INFO - Epoch [14/30] (4140) train_mae: 1.3105, val_mae: 2.8849
2022-03-01 02:16:39,533 - INFO - Test: mae: 2.7757, mape: 258.2425, rmse: 3.2170
2022-03-01 02:16:39,534 - INFO - Horizon 15mins: mae: 1.6209, mape: 251.3333, rmse: 2.1153
2022-03-01 02:16:39,534 - INFO - Horizon 30mins: mae: 2.0055, mape: 263.0673, rmse: 2.9693
2022-03-01 02:16:39,534 - INFO - Horizon 60mins: mae: 2.5437, mape: 280.0858, rmse: 4.4949
2022-03-01 02:16:39,535 - INFO - Epoch [14/30] (4140) train_mae: 1.3105, test_mae: 2.7757, lr: 0.005000, 24.7s, 26.2s
Num of epoch: 15
2022-03-01 02:17:04,295 - INFO - epoch complete
2022-03-01 02:17:04,296 - INFO - evaluating now!
2022-03-01 02:17:05,899 - INFO - Epoch [15/30] (4416) train_mae: 1.2822, val_mae: 2.6352
Num of epoch: 16
2022-03-01 02:17:31,084 - INFO - epoch complete
2022-03-01 02:17:31,084 - INFO - evaluating now!
2022-03-01 02:17:32,555 - INFO - Epoch [16/30] (4692) train_mae: 1.2637, val_mae: 1.8727
Num of epoch: 17
2022-03-01 02:17:57,818 - INFO - epoch complete
2022-03-01 02:17:57,819 - INFO - evaluating now!
2022-03-01 02:17:59,347 - INFO - Epoch [17/30] (4968) train_mae: 1.3499, val_mae: 6.3229
Num of epoch: 18
2022-03-01 02:18:24,696 - INFO - epoch complete
2022-03-01 02:18:24,696 - INFO - evaluating now!
2022-03-01 02:18:26,268 - INFO - Epoch [18/30] (5244) train_mae: 1.3706, val_mae: 2.0271
Num of epoch: 19
2022-03-01 02:18:51,117 - INFO - epoch complete
2022-03-01 02:18:51,118 - INFO - evaluating now!
2022-03-01 02:18:52,572 - INFO - Epoch [19/30] (5520) train_mae: 1.2213, val_mae: 2.0084
2022-03-01 02:18:55,655 - INFO - Test: mae: 2.0688, mape: 135.3575, rmse: 2.6065
2022-03-01 02:18:55,655 - INFO - Horizon 15mins: mae: 1.0254, mape: 121.8768, rmse: 1.9019
2022-03-01 02:18:55,655 - INFO - Horizon 30mins: mae: 1.2979, mape: 139.6371, rmse: 2.4749
2022-03-01 02:18:55,655 - INFO - Horizon 60mins: mae: 1.7719, mape: 163.1092, rmse: 3.5803
2022-03-01 02:18:55,656 - INFO - Epoch [19/30] (5520) train_mae: 1.2213, test_mae: 2.0688, lr: 0.000050, 24.8s, 26.3s
Num of epoch: 20
2022-03-01 02:19:20,709 - INFO - epoch complete
2022-03-01 02:19:20,710 - INFO - evaluating now!
2022-03-01 02:19:22,206 - INFO - Epoch [20/30] (5796) train_mae: 1.3514, val_mae: 5.4126
Num of epoch: 21
2022-03-01 02:19:46,982 - INFO - epoch complete
2022-03-01 02:19:46,983 - INFO - evaluating now!
2022-03-01 02:19:48,432 - INFO - Epoch [21/30] (6072) train_mae: 1.3321, val_mae: 3.8501
Num of epoch: 22
2022-03-01 02:20:13,157 - INFO - epoch complete
2022-03-01 02:20:13,158 - INFO - evaluating now!
2022-03-01 02:20:14,780 - INFO - Epoch [22/30] (6348) train_mae: 1.3130, val_mae: 8.5316
Num of epoch: 23
2022-03-01 02:20:40,162 - INFO - epoch complete
2022-03-01 02:20:40,163 - INFO - evaluating now!
2022-03-01 02:20:42,036 - INFO - Epoch [23/30] (6624) train_mae: 1.1988, val_mae: 3.7182
Num of epoch: 24
2022-03-01 02:21:07,025 - INFO - epoch complete
2022-03-01 02:21:07,026 - INFO - evaluating now!
2022-03-01 02:21:08,549 - INFO - Epoch [24/30] (6900) train_mae: 1.4042, val_mae: 5.4205
2022-03-01 02:21:11,595 - INFO - Test: mae: 5.3283, mape: 153.7864, rmse: 10.9952
2022-03-01 02:21:11,596 - INFO - Horizon 15mins: mae: 2.6775, mape: 153.7788, rmse: 5.6603
2022-03-01 02:21:11,596 - INFO - Horizon 30mins: mae: 4.6014, mape: 162.0868, rmse: 10.2489
2022-03-01 02:21:11,596 - INFO - Horizon 60mins: mae: 6.7143, mape: 152.9485, rmse: 15.6799
2022-03-01 02:21:11,596 - INFO - Epoch [24/30] (6900) train_mae: 1.4042, test_mae: 5.3283, lr: 0.000500, 25.0s, 26.5s
Num of epoch: 25
2022-03-01 02:21:36,870 - INFO - epoch complete
2022-03-01 02:21:36,871 - INFO - evaluating now!
2022-03-01 02:21:38,419 - INFO - Epoch [25/30] (7176) train_mae: 1.1627, val_mae: 4.2171
Num of epoch: 26
2022-03-01 02:22:03,194 - INFO - epoch complete
2022-03-01 02:22:03,195 - INFO - evaluating now!
2022-03-01 02:22:04,751 - INFO - Epoch [26/30] (7452) train_mae: 1.2591, val_mae: 4.6438
Num of epoch: 27
2022-03-01 02:22:29,771 - INFO - epoch complete
2022-03-01 02:22:29,772 - INFO - evaluating now!
2022-03-01 02:22:31,228 - INFO - Epoch [27/30] (7728) train_mae: 1.2391, val_mae: 2.5619
Num of epoch: 28
2022-03-01 02:22:56,485 - INFO - epoch complete
2022-03-01 02:22:56,486 - INFO - evaluating now!
2022-03-01 02:22:58,041 - INFO - Epoch [28/30] (8004) train_mae: 1.1217, val_mae: 1.6166
Num of epoch: 29
2022-03-01 02:23:35,006 - INFO - epoch complete
2022-03-01 02:23:35,008 - INFO - evaluating now!
2022-03-01 02:23:36,598 - INFO - Epoch [29/30] (8280) train_mae: 1.1083, val_mae: 2.0513
2022-03-01 02:23:39,764 - INFO - Test: mae: 1.9274, mape: 124.1026, rmse: 2.3716
2022-03-01 02:23:39,765 - INFO - Horizon 15mins: mae: 1.0423, mape: 134.5877, rmse: 2.1082
2022-03-01 02:23:39,765 - INFO - Horizon 30mins: mae: 1.1523, mape: 114.5334, rmse: 2.3795
2022-03-01 02:23:39,765 - INFO - Horizon 60mins: mae: 1.4825, mape: 135.5203, rmse: 2.8857
2022-03-01 02:23:39,765 - INFO - Epoch [29/30] (8280) train_mae: 1.1083, test_mae: 1.9274, lr: 0.000005, 37.0s, 38.6s
/home/yitong/anaconda3/envs/GTS/lib/python3.7/site-packages/torch/optim/lr_scheduler.py:123: UserWarning: Detected call of `lr_scheduler.step()` before `optimizer.step()`. In PyTorch 1.1.0 and later, you should call them in the opposite order: `optimizer.step()` before `lr_scheduler.step()`.  Failure to do this will result in PyTorch skipping the first value of the learning rate schedule. See more details at https://pytorch.org/docs/stable/optim.html#how-to-adjust-learning-rate
  "https://pytorch.org/docs/stable/optim.html#how-to-adjust-learning-rate", UserWarning)
/home/yitong/anaconda3/envs/GTS/lib/python3.7/site-packages/torch/optim/lr_scheduler.py:396: UserWarning: To get the last learning rate computed by the scheduler, please use `get_last_lr()`.
  "please use `get_last_lr()`.", UserWarning)
